[preview.colorlib.com/theme/fantasy/index.html]
[preview.colorlib.com/theme/fantasy/img/favicon.png]
[backblue.gif]
[fade.gif]
[index.html]
[preview.colorlib.com/theme/fantasy/css/bootstrap.css]
[preview.colorlib.com/theme/fantasy/vendors/linericon/style.css]
[preview.colorlib.com/theme/fantasy/css/font-awesome.min.css]
[preview.colorlib.com/theme/fantasy/vendors/owl-carousel/owl.carousel.min.css]
[preview.colorlib.com/theme/fantasy/vendors/lightbox/simpleLightbox.css]
[preview.colorlib.com/theme/fantasy/vendors/nice-select/css/nice-select.css]
[preview.colorlib.com/theme/fantasy/vendors/animate-css/animate.css]
[preview.colorlib.com/theme/fantasy/vendors/jquery-ui/jquery-ui.css]
[preview.colorlib.com/theme/fantasy/css/style.css]
[preview.colorlib.com/theme/fantasy/css/responsive.css]
[preview.colorlib.com/theme/fantasy/index-2.html]
[preview.colorlib.com/theme/fantasy/img/logo.png]
[preview.colorlib.com/theme/fantasy/category.html]
[preview.colorlib.com/theme/fantasy/archive.html]
[preview.colorlib.com/theme/fantasy/elements.html]
[preview.colorlib.com/theme/fantasy/single-blog.html]
[preview.colorlib.com/theme/fantasy/contact.html]
[preview.colorlib.com/theme/fantasy/img/banner/banner-img.png]
[preview.colorlib.com/theme/fantasy/img/banner/banner-img2.png]
[preview.colorlib.com/theme/fantasy/img/banner/banner-img3.png]
[preview.colorlib.com/theme/fantasy/img/travel/t1.jpg]
[preview.colorlib.com/theme/fantasy/img/travel/t2.jpg]
[preview.colorlib.com/theme/fantasy/img/travel/t3.jpg]
[preview.colorlib.com/theme/fantasy/img/blog-post/b1.jpg]
[preview.colorlib.com/theme/fantasy/img/blog-post/b2.jpg]
[preview.colorlib.com/theme/fantasy/img/blog-post/b3.jpg]
[preview.colorlib.com/theme/fantasy/img/blog-post/b4.jpg]
[preview.colorlib.com/theme/fantasy/img/blog-post/b5.jpg]
[preview.colorlib.com/theme/fantasy/img/blog-post/b6.jpg]
[preview.colorlib.com/theme/fantasy/img/places/p1.jpg]
[preview.colorlib.com/theme/fantasy/img/places/p2.jpg]
[preview.colorlib.com/theme/fantasy/img/places/p3.jpg]
[preview.colorlib.com/theme/fantasy/img/places/p4.jpg]
[preview.colorlib.com/theme/fantasy/img/places/p5.jpg]
[preview.colorlib.com/theme/fantasy/img/places/p6.jpg]
[preview.colorlib.com/theme/fantasy/img/popular-post/p1.jpg]
[preview.colorlib.com/theme/fantasy/img/popular-post/p2.jpg]
[preview.colorlib.com/theme/fantasy/img/popular-post/p3.jpg]
[preview.colorlib.com/theme/fantasy/img/popular-post/p4.jpg]
[preview.colorlib.com/theme/fantasy/img/popular-post/p5.jpg]
[preview.colorlib.com/theme/fantasy/img/popular-post/p6.jpg]
[preview.colorlib.com/theme/fantasy/img/popular-post/p7.jpg]
[preview.colorlib.com/theme/fantasy/img/popular-post/p8.jpg]
[preview.colorlib.com/theme/fantasy/img/popular-post/p9.jpg]
[preview.colorlib.com/theme/fantasy/js/jquery-3.2.1.min.js]
[preview.colorlib.com/theme/fantasy/js/popper.js]
[preview.colorlib.com/theme/fantasy/js/bootstrap.min.js]
[preview.colorlib.com/theme/fantasy/js/stellar.js]
[preview.colorlib.com/theme/fantasy/vendors/lightbox/simpleLightbox.min.js]
[preview.colorlib.com/theme/fantasy/vendors/nice-select/js/jquery.nice-select.min.js]
[preview.colorlib.com/theme/fantasy/vendors/isotope/imagesloaded.pkgd.min.js]
[preview.colorlib.com/theme/fantasy/vendors/isotope/isotope-min.js]
[preview.colorlib.com/theme/fantasy/vendors/owl-carousel/owl.carousel.min.js]
[preview.colorlib.com/theme/fantasy/js/jquery.ajaxchimp.min.js]
[preview.colorlib.com/theme/fantasy/vendors/jquery-ui/jquery-ui.js]
[preview.colorlib.com/theme/fantasy/js/mail-script.js]
[preview.colorlib.com/theme/fantasy/js/wow.min.js]
[preview.colorlib.com/theme/fantasy/index.html]
[preview.colorlib.com/theme/fantasy/css/bootstrap.css]
[preview.colorlib.com/theme/fantasy/js/theme.js]
[preview.colorlib.com/theme/fantasy/vendors/linericon/fonts/Linearicons-Free54e9.eot]
[preview.colorlib.com/theme/fantasy/vendors/linericon/fonts/Linearicons-Freed41d.eot]
[preview.colorlib.com/theme/fantasy/vendors/linericon/fonts/Linearicons-Free54e9.woff2]
[preview.colorlib.com/theme/fantasy/vendors/linericon/fonts/Linearicons-Free54e9.woff]
[preview.colorlib.com/theme/fantasy/vendors/linericon/fonts/Linearicons-Free54e9.ttf]
[preview.colorlib.com/theme/fantasy/vendors/linericon/style.css]
[preview.colorlib.com/theme/fantasy/vendors/linericon/fonts/Linearicons-Free54e9.svg]
[preview.colorlib.com/theme/fantasy/fonts/fontawesome-webfont3295.eot]
[preview.colorlib.com/theme/fantasy/fonts/fontawesome-webfontd41d.eot]
[preview.colorlib.com/theme/fantasy/fonts/fontawesome-webfont3295.woff2]
[preview.colorlib.com/theme/fantasy/fonts/fontawesome-webfont3295.woff]
[preview.colorlib.com/theme/fantasy/fonts/fontawesome-webfont3295.ttf]
[preview.colorlib.com/theme/fantasy/css/font-awesome.min.css]
[preview.colorlib.com/theme/fantasy/vendors/owl-carousel/owl.video.play.png]
[preview.colorlib.com/theme/fantasy/vendors/owl-carousel/owl.carousel.min.css]
[preview.colorlib.com/theme/fantasy/vendors/lightbox/simpleLightbox.css]
[preview.colorlib.com/theme/fantasy/vendors/nice-select/css/nice-select.css]
[preview.colorlib.com/theme/fantasy/vendors/animate-css/animate.css]
[preview.colorlib.com/theme/fantasy/fonts/fontawesome-webfont3295.svg]
[preview.colorlib.com/theme/fantasy/vendors/jquery-ui/images/ui-icons_444444_256x240.png]
[preview.colorlib.com/theme/fantasy/vendors/jquery-ui/images/ui-icons_555555_256x240.png]
[preview.colorlib.com/theme/fantasy/vendors/jquery-ui/images/ui-icons_ffffff_256x240.png]
[preview.colorlib.com/theme/fantasy/vendors/jquery-ui/images/ui-icons_777620_256x240.png]
[preview.colorlib.com/theme/fantasy/vendors/jquery-ui/images/ui-icons_cc0000_256x240.png]
[preview.colorlib.com/theme/fantasy/vendors/jquery-ui/images/ui-icons_777777_256x240.png]
[preview.colorlib.com/theme/fantasy/vendors/jquery-ui/jquery-ui.css]
[preview.colorlib.com/theme/fantasy/img/banner/home-banner.jpg]
[preview.colorlib.com/theme/fantasy/img/elements/primary-check.png]
[preview.colorlib.com/theme/fantasy/img/elements/success-check.png]
[preview.colorlib.com/theme/fantasy/img/elements/disabled-check.png]
[preview.colorlib.com/theme/fantasy/img/elements/primary-radio.png]
[preview.colorlib.com/theme/fantasy/img/elements/success-radio.png]
[preview.colorlib.com/theme/fantasy/img/elements/disabled-radio.png]
[preview.colorlib.com/theme/fantasy/css/style.css]
[preview.colorlib.com/theme/fantasy/css/responsive.css]
[preview.colorlib.com/cdn-cgi/zaraz/sd0d9.js]
[preview.colorlib.com/theme/fantasy/index-2.html]
[preview.colorlib.com/theme/fantasy/img/banner/category-img.png]
[preview.colorlib.com/theme/fantasy/img/category/c1.jpg]
[preview.colorlib.com/theme/fantasy/img/category/c2.jpg]
[preview.colorlib.com/theme/fantasy/img/category/c3.jpg]
[preview.colorlib.com/theme/fantasy/img/category/c4.jpg]
[preview.colorlib.com/theme/fantasy/img/category/c5.jpg]
[preview.colorlib.com/theme/fantasy/img/category/c6.jpg]
[preview.colorlib.com/theme/fantasy/img/blog/author.png]
[preview.colorlib.com/theme/fantasy/img/blog/popular-post/post1.jpg]
[preview.colorlib.com/theme/fantasy/blog-details.html]
[preview.colorlib.com/theme/fantasy/img/blog/popular-post/post2.jpg]
[preview.colorlib.com/theme/fantasy/img/blog/popular-post/post3.jpg]
[preview.colorlib.com/theme/fantasy/category.html]
[preview.colorlib.com/theme/fantasy/img/banner/archive-img.png]
[preview.colorlib.com/theme/fantasy/archive.html]
[preview.colorlib.com/theme/fantasy/img/banner/element-img.png]
[preview.colorlib.com/theme/fantasy/img/elements/d.jpg]
[preview.colorlib.com/theme/fantasy/img/elements/f1.jpg]
[preview.colorlib.com/theme/fantasy/img/elements/f2.jpg]
[preview.colorlib.com/theme/fantasy/img/elements/f3.jpg]
[preview.colorlib.com/theme/fantasy/img/elements/f4.jpg]
[preview.colorlib.com/theme/fantasy/img/elements/f5.jpg]
[preview.colorlib.com/theme/fantasy/img/elements/f6.jpg]
[preview.colorlib.com/theme/fantasy/img/elements/f7.jpg]
[preview.colorlib.com/theme/fantasy/img/elements/f8.jpg]
[preview.colorlib.com/theme/fantasy/img/elements/g1.jpg]
[preview.colorlib.com/theme/fantasy/img/elements/g2.jpg]
[preview.colorlib.com/theme/fantasy/img/elements/g3.jpg]
[preview.colorlib.com/theme/fantasy/img/elements/g4.jpg]
[preview.colorlib.com/theme/fantasy/img/elements/g5.jpg]
[preview.colorlib.com/theme/fantasy/img/elements/g6.jpg]
[preview.colorlib.com/theme/fantasy/img/elements/g7.jpg]
[preview.colorlib.com/theme/fantasy/img/elements/g8.jpg]
[preview.colorlib.com/theme/fantasy/elements.html]
[preview.colorlib.com/theme/fantasy/img/banner/post-details-img.png]
[preview.colorlib.com/theme/fantasy/img/blog/news-blog.jpg]
[preview.colorlib.com/theme/fantasy/img/blog/user-img.jpg]
[preview.colorlib.com/theme/fantasy/img/blog/prev.jpg]
[preview.colorlib.com/theme/fantasy/img/blog/next.jpg]
[preview.colorlib.com/theme/fantasy/img/blog/c1.jpg]
[preview.colorlib.com/theme/fantasy/img/blog/c2.jpg]
[preview.colorlib.com/theme/fantasy/img/blog/c3.jpg]
[preview.colorlib.com/theme/fantasy/img/blog/c4.jpg]
[preview.colorlib.com/theme/fantasy/img/blog/c5.jpg]
[preview.colorlib.com/theme/fantasy/single-blog.html]
[preview.colorlib.com/theme/fantasy/img/banner/contact-img.png]
[preview.colorlib.com/theme/fantasy/contact.html]
[preview.colorlib.com/theme/fantasy/vendors/linericon/fonts/Linearicons-Free54e9.svg]
[preview.colorlib.com/theme/fantasy/fonts/fontawesome-webfont3295.svg]
[preview.colorlib.com/theme/fantasy/vendors/owl-carousel/owl.video.play.html]
[preview.colorlib.com/theme/fantasy/vendors/jquery-ui/images/ui-icons_444444_256x240.html]
[preview.colorlib.com/theme/fantasy/vendors/jquery-ui/images/ui-icons_555555_256x240.html]
[preview.colorlib.com/theme/fantasy/vendors/jquery-ui/images/ui-icons_ffffff_256x240.html]
[preview.colorlib.com/theme/fantasy/vendors/jquery-ui/images/ui-icons_777620_256x240.html]
[preview.colorlib.com/theme/fantasy/vendors/jquery-ui/images/ui-icons_cc0000_256x240.html]
[preview.colorlib.com/theme/fantasy/vendors/jquery-ui/images/ui-icons_777777_256x240.html]
[preview.colorlib.com/theme/fantasy/blog-details.html]
[preview.colorlib.com/cdn-cgi/scripts/5c5dd728/cloudflare-static/email-decode.min.js]
